MAP
    # mapfile to expose WMS and WFS  for ERML

NAME "EarthResourceML"
STATUS ON
SIZE 1000 1000
EXTENT -145 44 -50 90
UNITS DD
TRANSPARENT OFF
IMAGETYPE png24


OUTPUTFORMAT
    NAME png24
    DRIVER "GD/PNG"
    MIMETYPE "image/png"
    IMAGEMODE RGB
    EXTENSION "png"
  END

  #
# Start of web interface definition
#
WEB
    TEMPLATE /var/www/html/map/map.html
    IMAGEPATH /var/www/html/map/images/
    IMAGEURL /map/images/
    LOG /var/www/html/map/maplog
    METADATA
        "wms_title"           "ERML demo server"
        "wms_onlineresource"  "http://localhost"
        "wms_srs"             "EPSG:4269 EPSG:4326"
         WMS_ENABLE_REQUEST "*" 

      "wfs_title"          "ERML WFS service" ## REQUIRED
      "wfs_onlineresource" "http://localhost?" ## Recommended
      "wfs_srs"            "EPSG:4326 EPSG:4269 EPSG:3978 EPSG:3857" ## Recommended
      "wfs_abstract"       "ERML 2.0 lite compliant service" ## Recommended
      "wfs_enable_request" "*"  # necessary
      "wfs_namespace_prefix" "erml"
      "wfs_namespace_uri" "http://xmlns.earthresourceml.org/earthresourceml-lite/2.0"


      END
END

PROJECTION
    "init=epsg:4326"   ##required
  END

symbol
  type ellipse
  points 1 1 end
  name "circle"
end

# https://mapserver.org/input/vector/sqlite.html
LAYER 
    NAME "MineView"
    METADATA
        "wfs_title"         "Mines" ##REQUIRED
        "wfs_srs"           "EPSG:4326" ## REQUIRED
        "gml_include_items" "all" ## Optional (serves all attributes for layer)
        "gml_featureid"     "identifier" ## REQUIRED
        "wfs_enable_request" "*"
    # the following maps field names to correct tag name (when the field name does not match exactly)
        "GML_start_date_ALIAS" "startDate"
        "GML_end_date_ALIAS" "endDate"
        "GML_observation_method_ALIAS" "observationMethod"
        "GML_positional_accuracy_ALIAS" "positionalAccuracy"
        "GML_representative_commodity_uri_ALIAS" "representativeCommodity"
      END
    TYPE POINT
    STATUS ON
    CONNECTIONTYPE OGR
    CONNECTION "erml.sqlite"
    DATA "mine_view"
    CLASS 
            NAME "mines"
            STYLE 
               SYMBOL 'circle'
                    SIZE 4
                    COLOR 255 0 0
                END # style
            END # class    
END # layer

    
END # map

